** Drc report for /home/user/Cyklopo-ta-/hardware/pcb/CykloPCB_v1.kicad_pcb **
** Created on 2026-10-08 13:00:34 **

** Found 46 DRC violations **
[lib_footprint_issues]: The current configuration does not include the library ''.
    Local override; Severity: warning
    @(13.0000 mm, 14.0000 mm): Footprint J5
[lib_footprint_issues]: The current configuration does not include the library ''.
    Local override; Severity: warning
    @(19.6000 mm, 58.0000 mm): Footprint D1
[lib_footprint_issues]: The current configuration does not include the library ''.
    Local override; Severity: warning
    @(26.0000 mm, 38.4000 mm): Footprint R7
[lib_footprint_issues]: The current configuration does not include the library ''.
    Local override; Severity: warning
    @(25.2000 mm, 9.0000 mm): Footprint R11
[lib_footprint_issues]: The current configuration does not include the library ''.
    Local override; Severity: warning
    @(40.5000 mm, 15.6000 mm): Footprint SW3
[lib_footprint_issues]: The current configuration does not include the library ''.
    Local override; Severity: warning
    @(2.7000 mm, 45.0000 mm): Footprint SW1
[lib_footprint_issues]: The current configuration does not include the library ''.
    Local override; Severity: warning
    @(7.3000 mm, 43.0000 mm): Footprint R3
[lib_footprint_issues]: The current configuration does not include the library ''.
    Local override; Severity: warning
    @(39.6000 mm, 9.0000 mm): Footprint H2
[lib_footprint_issues]: The current configuration does not include the library ''.
    Local override; Severity: warning
    @(8.0000 mm, 52.6000 mm): Footprint R1
[lib_footprint_issues]: The current configuration does not include the library ''.
    Local override; Severity: warning
    @(15.6000 mm, 52.6000 mm): Footprint R2
[lib_footprint_issues]: The current configuration does not include the library ''.
    Local override; Severity: warning
    @(40.5000 mm, 26.4000 mm): Footprint SW4
[lib_footprint_issues]: The current configuration does not include the library ''.
    Local override; Severity: warning
    @(14.4000 mm, 31.6000 mm): Footprint C6
[lib_footprint_issues]: The current configuration does not include the library ''.
    Local override; Severity: warning
    @(39.6000 mm, 37.6000 mm): Footprint H4
[lib_footprint_issues]: The current configuration does not include the library ''.
    Local override; Severity: warning
    @(12.6000 mm, 37.6000 mm): Footprint D3
[lib_footprint_issues]: The current configuration does not include the library ''.
    Local override; Severity: warning
    @(26.0000 mm, 36.6000 mm): Footprint R8
[lib_footprint_issues]: The current configuration does not include the library ''.
    Local override; Severity: warning
    @(26.0000 mm, 34.8000 mm): Footprint C5
[lib_footprint_issues]: The current configuration does not include the library ''.
    Local override; Severity: warning
    @(2.5000 mm, 19.6000 mm): Footprint SW2
[lib_footprint_issues]: The current configuration does not include the library ''.
    Local override; Severity: warning
    @(30.4000 mm, 9.6000 mm): Footprint Q2
[lib_footprint_issues]: The current configuration does not include the library ''.
    Local override; Severity: warning
    @(19.6000 mm, 54.2000 mm): Footprint R4
[lib_footprint_issues]: The current configuration does not include the library ''.
    Local override; Severity: warning
    @(9.0000 mm, 22.6000 mm): Footprint J4
[lib_footprint_issues]: The current configuration does not include the library ''.
    Local override; Severity: warning
    @(19.6000 mm, 60.0000 mm): Footprint D2
[lib_footprint_issues]: The current configuration does not include the library ''.
    Local override; Severity: warning
    @(19.6000 mm, 56.0000 mm): Footprint R5
[lib_footprint_issues]: The current configuration does not include the library ''.
    Local override; Severity: warning
    @(18.3000 mm, 42.2000 mm): Footprint R6
[lib_footprint_issues]: The current configuration does not include the library ''.
    Local override; Severity: warning
    @(12.0000 mm, 41.4000 mm): Footprint C2
[lib_footprint_issues]: The current configuration does not include the library ''.
    Local override; Severity: warning
    @(9.6000 mm, 31.6000 mm): Footprint U2
[lib_footprint_issues]: The current configuration does not include the library ''.
    Local override; Severity: warning
    @(7.8000 mm, 3.2000 mm): Footprint J2
[lib_footprint_issues]: The current configuration does not include the library ''.
    Local override; Severity: warning
    @(18.3000 mm, 38.6000 mm): Footprint Q1
[lib_footprint_issues]: The current configuration does not include the library ''.
    Local override; Severity: warning
    @(12.0000 mm, 46.6000 mm): Footprint U1
[lib_footprint_issues]: The current configuration does not include the library ''.
    Local override; Severity: warning
    @(18.6000 mm, 50.6000 mm): Footprint C1
[lib_footprint_issues]: The current configuration does not include the library ''.
    Local override; Severity: warning
    @(29.9000 mm, 3.2000 mm): Footprint J3
[lib_footprint_issues]: The current configuration does not include the library ''.
    Local override; Severity: warning
    @(5.0000 mm, 30.0000 mm): Footprint C4
[lib_footprint_issues]: The current configuration does not include the library ''.
    Local override; Severity: warning
    @(33.6000 mm, 12.6000 mm): Footprint R10
[lib_footprint_issues]: The current configuration does not include the library ''.
    Local override; Severity: warning
    @(22.0000 mm, 9.6000 mm): Footprint Q3
[lib_footprint_issues]: The current configuration does not include the library ''.
    Local override; Severity: warning
    @(27.6000 mm, 9.0000 mm): Footprint C8
[lib_footprint_issues]: The current configuration does not include the library ''.
    Local override; Severity: warning
    @(18.3000 mm, 35.4000 mm): Footprint C3
[lib_footprint_issues]: The current configuration does not include the library ''.
    Local override; Severity: warning
    @(30.0000 mm, 21.0000 mm): Footprint R14
[lib_footprint_issues]: The current configuration does not include the library ''.
    Local override; Severity: warning
    @(19.0000 mm, 23.0000 mm): Footprint R13
[lib_footprint_issues]: The current configuration does not include the library ''.
    Local override; Severity: warning
    @(3.0000 mm, 60.6000 mm): Footprint H3
[lib_footprint_issues]: The current configuration does not include the library ''.
    Local override; Severity: warning
    @(33.6000 mm, 9.0000 mm): Footprint R9
[lib_footprint_issues]: The current configuration does not include the library ''.
    Local override; Severity: warning
    @(25.2000 mm, 12.6000 mm): Footprint R12
[lib_footprint_issues]: The current configuration does not include the library ''.
    Local override; Severity: warning
    @(11.5000 mm, 60.6500 mm): Footprint J1
[lib_footprint_issues]: The current configuration does not include the library ''.
    Local override; Severity: warning
    @(14.4000 mm, 28.2000 mm): Footprint C7
[lib_footprint_issues]: The current configuration does not include the library 'CykloPCB'.
    Local override; Severity: warning
    @(32.0000 mm, 52.7000 mm): Footprint U3
[lib_footprint_issues]: The current configuration does not include the library ''.
    Local override; Severity: warning
    @(3.4000 mm, 9.0000 mm): Footprint H1
[silk_edge_clearance]: Silkscreen clipped by board edge
    Rule: board setup constraints silk; Severity: warning
    @(42.0000 mm, 64.0000 mm): Line on Edge.Cuts
    @(6.8000 mm, 62.6500 mm): Line on F.Silkscreen
[silk_edge_clearance]: Silkscreen clipped by board edge
    Rule: board setup constraints silk; Severity: warning
    @(42.0000 mm, 64.0000 mm): Line on Edge.Cuts
    @(16.2000 mm, 62.6500 mm): Line on F.Silkscreen

** Found 0 unconnected pads **

** Found 0 Footprint errors **

** End of Report **
